# serializer version: 1
# name: test_lrcparticledata_to_prp_1_per_face
  list([
    list([
      0,
      0,
      1,
      1,
      1.0,
      0.5,
      7.5,
    ]),
    list([
      1,
      0,
      1,
      1,
      2.0,
      0.5,
      7.5,
    ]),
    list([
      2,
      0,
      1,
      1,
      1.5,
      0.0,
      7.5,
    ]),
    list([
      3,
      0,
      1,
      1,
      1.5,
      1.0,
      7.5,
    ]),
    list([
      4,
      0,
      1,
      1,
      1.5,
      0.5,
      5.0,
    ]),
    list([
      5,
      0,
      1,
      1,
      1.5,
      0.5,
      10.0,
    ]),
  ])
# ---
# name: test_lrcparticledata_to_prp_divisions_defaults[False]
  list([
    list([
      0,
      0,
      0,
      1,
      1.1666666666666667,
      1.1666666666666667,
      5.833333333333333,
    ]),
    list([
      1,
      0,
      0,
      1,
      1.5,
      1.1666666666666667,
      5.833333333333333,
    ]),
    list([
      2,
      0,
      0,
      1,
      1.8333333333333335,
      1.1666666666666667,
      5.833333333333333,
    ]),
    list([
      3,
      0,
      0,
      1,
      1.1666666666666667,
      1.5,
      5.833333333333333,
    ]),
    list([
      4,
      0,
      0,
      1,
      1.5,
      1.5,
      5.833333333333333,
    ]),
    list([
      5,
      0,
      0,
      1,
      1.8333333333333335,
      1.5,
      5.833333333333333,
    ]),
    list([
      6,
      0,
      0,
      1,
      1.1666666666666667,
      1.8333333333333335,
      5.833333333333333,
    ]),
    list([
      7,
      0,
      0,
      1,
      1.5,
      1.8333333333333335,
      5.833333333333333,
    ]),
    list([
      8,
      0,
      0,
      1,
      1.8333333333333335,
      1.8333333333333335,
      5.833333333333333,
    ]),
    list([
      9,
      0,
      0,
      1,
      1.1666666666666667,
      1.1666666666666667,
      7.5,
    ]),
    list([
      10,
      0,
      0,
      1,
      1.5,
      1.1666666666666667,
      7.5,
    ]),
    list([
      11,
      0,
      0,
      1,
      1.8333333333333335,
      1.1666666666666667,
      7.5,
    ]),
    list([
      12,
      0,
      0,
      1,
      1.1666666666666667,
      1.5,
      7.5,
    ]),
    list([
      13,
      0,
      0,
      1,
      1.5,
      1.5,
      7.5,
    ]),
    list([
      14,
      0,
      0,
      1,
      1.8333333333333335,
      1.5,
      7.5,
    ]),
    list([
      15,
      0,
      0,
      1,
      1.1666666666666667,
      1.8333333333333335,
      7.5,
    ]),
    list([
      16,
      0,
      0,
      1,
      1.5,
      1.8333333333333335,
      7.5,
    ]),
    list([
      17,
      0,
      0,
      1,
      1.8333333333333335,
      1.8333333333333335,
      7.5,
    ]),
    list([
      18,
      0,
      0,
      1,
      1.1666666666666667,
      1.1666666666666667,
      9.166666666666666,
    ]),
    list([
      19,
      0,
      0,
      1,
      1.5,
      1.1666666666666667,
      9.166666666666666,
    ]),
    list([
      20,
      0,
      0,
      1,
      1.8333333333333335,
      1.1666666666666667,
      9.166666666666666,
    ]),
    list([
      21,
      0,
      0,
      1,
      1.1666666666666667,
      1.5,
      9.166666666666666,
    ]),
    list([
      22,
      0,
      0,
      1,
      1.5,
      1.5,
      9.166666666666666,
    ]),
    list([
      23,
      0,
      0,
      1,
      1.8333333333333335,
      1.5,
      9.166666666666666,
    ]),
    list([
      24,
      0,
      0,
      1,
      1.1666666666666667,
      1.8333333333333335,
      9.166666666666666,
    ]),
    list([
      25,
      0,
      0,
      1,
      1.5,
      1.8333333333333335,
      9.166666666666666,
    ]),
    list([
      26,
      0,
      0,
      1,
      1.8333333333333335,
      1.8333333333333335,
      9.166666666666666,
    ]),
    list([
      27,
      0,
      1,
      1,
      1.1666666666666667,
      0.16666666666666666,
      5.833333333333333,
    ]),
    list([
      28,
      0,
      1,
      1,
      1.5,
      0.16666666666666666,
      5.833333333333333,
    ]),
    list([
      29,
      0,
      1,
      1,
      1.8333333333333335,
      0.16666666666666666,
      5.833333333333333,
    ]),
    list([
      30,
      0,
      1,
      1,
      1.1666666666666667,
      0.5,
      5.833333333333333,
    ]),
    list([
      31,
      0,
      1,
      1,
      1.5,
      0.5,
      5.833333333333333,
    ]),
    list([
      32,
      0,
      1,
      1,
      1.8333333333333335,
      0.5,
      5.833333333333333,
    ]),
    list([
      33,
      0,
      1,
      1,
      1.1666666666666667,
      0.8333333333333333,
      5.833333333333333,
    ]),
    list([
      34,
      0,
      1,
      1,
      1.5,
      0.8333333333333333,
      5.833333333333333,
    ]),
    list([
      35,
      0,
      1,
      1,
      1.8333333333333335,
      0.8333333333333333,
      5.833333333333333,
    ]),
    list([
      36,
      0,
      1,
      1,
      1.1666666666666667,
      0.16666666666666666,
      7.5,
    ]),
    list([
      37,
      0,
      1,
      1,
      1.5,
      0.16666666666666666,
      7.5,
    ]),
    list([
      38,
      0,
      1,
      1,
      1.8333333333333335,
      0.16666666666666666,
      7.5,
    ]),
    list([
      39,
      0,
      1,
      1,
      1.1666666666666667,
      0.5,
      7.5,
    ]),
    list([
      40,
      0,
      1,
      1,
      1.5,
      0.5,
      7.5,
    ]),
    list([
      41,
      0,
      1,
      1,
      1.8333333333333335,
      0.5,
      7.5,
    ]),
    list([
      42,
      0,
      1,
      1,
      1.1666666666666667,
      0.8333333333333333,
      7.5,
    ]),
    list([
      43,
      0,
      1,
      1,
      1.5,
      0.8333333333333333,
      7.5,
    ]),
    list([
      44,
      0,
      1,
      1,
      1.8333333333333335,
      0.8333333333333333,
      7.5,
    ]),
    list([
      45,
      0,
      1,
      1,
      1.1666666666666667,
      0.16666666666666666,
      9.166666666666666,
    ]),
    list([
      46,
      0,
      1,
      1,
      1.5,
      0.16666666666666666,
      9.166666666666666,
    ]),
    list([
      47,
      0,
      1,
      1,
      1.8333333333333335,
      0.16666666666666666,
      9.166666666666666,
    ]),
    list([
      48,
      0,
      1,
      1,
      1.1666666666666667,
      0.5,
      9.166666666666666,
    ]),
    list([
      49,
      0,
      1,
      1,
      1.5,
      0.5,
      9.166666666666666,
    ]),
    list([
      50,
      0,
      1,
      1,
      1.8333333333333335,
      0.5,
      9.166666666666666,
    ]),
    list([
      51,
      0,
      1,
      1,
      1.1666666666666667,
      0.8333333333333333,
      9.166666666666666,
    ]),
    list([
      52,
      0,
      1,
      1,
      1.5,
      0.8333333333333333,
      9.166666666666666,
    ]),
    list([
      53,
      0,
      1,
      1,
      1.8333333333333335,
      0.8333333333333333,
      9.166666666666666,
    ]),
  ])
# ---
# name: test_lrcparticledata_to_prp_divisions_defaults[True]
  list([
    list([
      0,
      0,
      0,
      1,
      1.1666666666666667,
      1.1666666666666667,
      0.16666666666666666,
    ]),
    list([
      1,
      0,
      0,
      1,
      1.5,
      1.1666666666666667,
      0.16666666666666666,
    ]),
    list([
      2,
      0,
      0,
      1,
      1.8333333333333335,
      1.1666666666666667,
      0.16666666666666666,
    ]),
    list([
      3,
      0,
      0,
      1,
      1.1666666666666667,
      1.5,
      0.16666666666666666,
    ]),
    list([
      4,
      0,
      0,
      1,
      1.5,
      1.5,
      0.16666666666666666,
    ]),
    list([
      5,
      0,
      0,
      1,
      1.8333333333333335,
      1.5,
      0.16666666666666666,
    ]),
    list([
      6,
      0,
      0,
      1,
      1.1666666666666667,
      1.8333333333333335,
      0.16666666666666666,
    ]),
    list([
      7,
      0,
      0,
      1,
      1.5,
      1.8333333333333335,
      0.16666666666666666,
    ]),
    list([
      8,
      0,
      0,
      1,
      1.8333333333333335,
      1.8333333333333335,
      0.16666666666666666,
    ]),
    list([
      9,
      0,
      0,
      1,
      1.1666666666666667,
      1.1666666666666667,
      0.5,
    ]),
    list([
      10,
      0,
      0,
      1,
      1.5,
      1.1666666666666667,
      0.5,
    ]),
    list([
      11,
      0,
      0,
      1,
      1.8333333333333335,
      1.1666666666666667,
      0.5,
    ]),
    list([
      12,
      0,
      0,
      1,
      1.1666666666666667,
      1.5,
      0.5,
    ]),
    list([
      13,
      0,
      0,
      1,
      1.5,
      1.5,
      0.5,
    ]),
    list([
      14,
      0,
      0,
      1,
      1.8333333333333335,
      1.5,
      0.5,
    ]),
    list([
      15,
      0,
      0,
      1,
      1.1666666666666667,
      1.8333333333333335,
      0.5,
    ]),
    list([
      16,
      0,
      0,
      1,
      1.5,
      1.8333333333333335,
      0.5,
    ]),
    list([
      17,
      0,
      0,
      1,
      1.8333333333333335,
      1.8333333333333335,
      0.5,
    ]),
    list([
      18,
      0,
      0,
      1,
      1.1666666666666667,
      1.1666666666666667,
      0.8333333333333333,
    ]),
    list([
      19,
      0,
      0,
      1,
      1.5,
      1.1666666666666667,
      0.8333333333333333,
    ]),
    list([
      20,
      0,
      0,
      1,
      1.8333333333333335,
      1.1666666666666667,
      0.8333333333333333,
    ]),
    list([
      21,
      0,
      0,
      1,
      1.1666666666666667,
      1.5,
      0.8333333333333333,
    ]),
    list([
      22,
      0,
      0,
      1,
      1.5,
      1.5,
      0.8333333333333333,
    ]),
    list([
      23,
      0,
      0,
      1,
      1.8333333333333335,
      1.5,
      0.8333333333333333,
    ]),
    list([
      24,
      0,
      0,
      1,
      1.1666666666666667,
      1.8333333333333335,
      0.8333333333333333,
    ]),
    list([
      25,
      0,
      0,
      1,
      1.5,
      1.8333333333333335,
      0.8333333333333333,
    ]),
    list([
      26,
      0,
      0,
      1,
      1.8333333333333335,
      1.8333333333333335,
      0.8333333333333333,
    ]),
    list([
      27,
      0,
      1,
      1,
      1.1666666666666667,
      0.16666666666666666,
      0.16666666666666666,
    ]),
    list([
      28,
      0,
      1,
      1,
      1.5,
      0.16666666666666666,
      0.16666666666666666,
    ]),
    list([
      29,
      0,
      1,
      1,
      1.8333333333333335,
      0.16666666666666666,
      0.16666666666666666,
    ]),
    list([
      30,
      0,
      1,
      1,
      1.1666666666666667,
      0.5,
      0.16666666666666666,
    ]),
    list([
      31,
      0,
      1,
      1,
      1.5,
      0.5,
      0.16666666666666666,
    ]),
    list([
      32,
      0,
      1,
      1,
      1.8333333333333335,
      0.5,
      0.16666666666666666,
    ]),
    list([
      33,
      0,
      1,
      1,
      1.1666666666666667,
      0.8333333333333333,
      0.16666666666666666,
    ]),
    list([
      34,
      0,
      1,
      1,
      1.5,
      0.8333333333333333,
      0.16666666666666666,
    ]),
    list([
      35,
      0,
      1,
      1,
      1.8333333333333335,
      0.8333333333333333,
      0.16666666666666666,
    ]),
    list([
      36,
      0,
      1,
      1,
      1.1666666666666667,
      0.16666666666666666,
      0.5,
    ]),
    list([
      37,
      0,
      1,
      1,
      1.5,
      0.16666666666666666,
      0.5,
    ]),
    list([
      38,
      0,
      1,
      1,
      1.8333333333333335,
      0.16666666666666666,
      0.5,
    ]),
    list([
      39,
      0,
      1,
      1,
      1.1666666666666667,
      0.5,
      0.5,
    ]),
    list([
      40,
      0,
      1,
      1,
      1.5,
      0.5,
      0.5,
    ]),
    list([
      41,
      0,
      1,
      1,
      1.8333333333333335,
      0.5,
      0.5,
    ]),
    list([
      42,
      0,
      1,
      1,
      1.1666666666666667,
      0.8333333333333333,
      0.5,
    ]),
    list([
      43,
      0,
      1,
      1,
      1.5,
      0.8333333333333333,
      0.5,
    ]),
    list([
      44,
      0,
      1,
      1,
      1.8333333333333335,
      0.8333333333333333,
      0.5,
    ]),
    list([
      45,
      0,
      1,
      1,
      1.1666666666666667,
      0.16666666666666666,
      0.8333333333333333,
    ]),
    list([
      46,
      0,
      1,
      1,
      1.5,
      0.16666666666666666,
      0.8333333333333333,
    ]),
    list([
      47,
      0,
      1,
      1,
      1.8333333333333335,
      0.16666666666666666,
      0.8333333333333333,
    ]),
    list([
      48,
      0,
      1,
      1,
      1.1666666666666667,
      0.5,
      0.8333333333333333,
    ]),
    list([
      49,
      0,
      1,
      1,
      1.5,
      0.5,
      0.8333333333333333,
    ]),
    list([
      50,
      0,
      1,
      1,
      1.8333333333333335,
      0.5,
      0.8333333333333333,
    ]),
    list([
      51,
      0,
      1,
      1,
      1.1666666666666667,
      0.8333333333333333,
      0.8333333333333333,
    ]),
    list([
      52,
      0,
      1,
      1,
      1.5,
      0.8333333333333333,
      0.8333333333333333,
    ]),
    list([
      53,
      0,
      1,
      1,
      1.8333333333333335,
      0.8333333333333333,
      0.8333333333333333,
    ]),
  ])
# ---
